=== Running process-all at 2025-07-26_05-37-48 ===
🚀 Fetching Mobilize raw data...
(node:1466) NOTE: The AWS SDK for JavaScript (v2) is in maintenance mode.
 SDK releases are limited to address critical bug fixes and security issues only.

Please migrate your code to use AWS SDK for JavaScript (v3).
For more information, check the blog post at https://a.co/cUPnyil
(Use `node --trace-warnings ...` to show where the warning was created)
🗑️ Deleted local old chunk: mobilize-page1.json
🗑️ Deleted local old chunk: mobilize-page10.json
🗑️ Deleted local old chunk: mobilize-page11.json
🗑️ Deleted local old chunk: mobilize-page12.json
🗑️ Deleted local old chunk: mobilize-page13.json
🗑️ Deleted local old chunk: mobilize-page14.json
🗑️ Deleted local old chunk: mobilize-page15.json
🗑️ Deleted local old chunk: mobilize-page16.json
🗑️ Deleted local old chunk: mobilize-page17.json
🗑️ Deleted local old chunk: mobilize-page18.json
🗑️ Deleted local old chunk: mobilize-page19.json
🗑️ Deleted local old chunk: mobilize-page2.json
🗑️ Deleted local old chunk: mobilize-page20.json
🗑️ Deleted local old chunk: mobilize-page21.json
🗑️ Deleted local old chunk: mobilize-page22.json
🗑️ Deleted local old chunk: mobilize-page23.json
🗑️ Deleted local old chunk: mobilize-page24.json
🗑️ Deleted local old chunk: mobilize-page25.json
🗑️ Deleted local old chunk: mobilize-page26.json
🗑️ Deleted local old chunk: mobilize-page27.json
🗑️ Deleted local old chunk: mobilize-page28.json
🗑️ Deleted local old chunk: mobilize-page29.json
🗑️ Deleted local old chunk: mobilize-page3.json
🗑️ Deleted local old chunk: mobilize-page30.json
🗑️ Deleted local old chunk: mobilize-page31.json
🗑️ Deleted local old chunk: mobilize-page32.json
🗑️ Deleted local old chunk: mobilize-page33.json
🗑️ Deleted local old chunk: mobilize-page4.json
🗑️ Deleted local old chunk: mobilize-page5.json
🗑️ Deleted local old chunk: mobilize-page6.json
🗑️ Deleted local old chunk: mobilize-page7.json
🗑️ Deleted local old chunk: mobilize-page8.json
🗑️ Deleted local old chunk: mobilize-page9.json
📥 Fetching page 1: https://api.mobilize.us/v1/events?timeslot_start=gte_now&per_page=200
💾 Saved locally: mobilize-page1.json
☁️ Uploaded to S3: raw/mobilize-page1.json
📥 Fetching page 2: https://api.mobilize.us/v1/events?cursor=cD01OTk0NjQ%3D&per_page=200&timeslot_start=gte_1753533900
💾 Saved locally: mobilize-page2.json
☁️ Uploaded to S3: raw/mobilize-page2.json
📥 Fetching page 3: https://api.mobilize.us/v1/events?cursor=cD03NDcwMjc%3D&per_page=200&timeslot_start=gte_1753533900
💾 Saved locally: mobilize-page3.json
☁️ Uploaded to S3: raw/mobilize-page3.json
📥 Fetching page 4: https://api.mobilize.us/v1/events?cursor=cD03NTE5MjE%3D&per_page=200&timeslot_start=gte_1753533900
💾 Saved locally: mobilize-page4.json
☁️ Uploaded to S3: raw/mobilize-page4.json
📥 Fetching page 5: https://api.mobilize.us/v1/events?cursor=cD03NTc5NDk%3D&per_page=200&timeslot_start=gte_1753533900
💾 Saved locally: mobilize-page5.json
☁️ Uploaded to S3: raw/mobilize-page5.json
📥 Fetching page 6: https://api.mobilize.us/v1/events?cursor=cD03NjU3OTI%3D&per_page=200&timeslot_start=gte_1753533900
💾 Saved locally: mobilize-page6.json
☁️ Uploaded to S3: raw/mobilize-page6.json
📥 Fetching page 7: https://api.mobilize.us/v1/events?cursor=cD03NzYxMDk%3D&per_page=200&timeslot_start=gte_1753533900
💾 Saved locally: mobilize-page7.json
☁️ Uploaded to S3: raw/mobilize-page7.json
📥 Fetching page 8: https://api.mobilize.us/v1/events?cursor=cD03ODQxNzA%3D&per_page=200&timeslot_start=gte_1753533900
💾 Saved locally: mobilize-page8.json
☁️ Uploaded to S3: raw/mobilize-page8.json
📥 Fetching page 9: https://api.mobilize.us/v1/events?cursor=cD03ODk2MDY%3D&per_page=200&timeslot_start=gte_1753533900
💾 Saved locally: mobilize-page9.json
☁️ Uploaded to S3: raw/mobilize-page9.json
📥 Fetching page 10: https://api.mobilize.us/v1/events?cursor=cD03OTQzMzQ%3D&per_page=200&timeslot_start=gte_1753533900
💾 Saved locally: mobilize-page10.json
☁️ Uploaded to S3: raw/mobilize-page10.json
📥 Fetching page 11: https://api.mobilize.us/v1/events?cursor=cD03OTgyMjQ%3D&per_page=200&timeslot_start=gte_1753533900
💾 Saved locally: mobilize-page11.json
☁️ Uploaded to S3: raw/mobilize-page11.json
📥 Fetching page 12: https://api.mobilize.us/v1/events?cursor=cD04MDI0ODA%3D&per_page=200&timeslot_start=gte_1753533900
💾 Saved locally: mobilize-page12.json
☁️ Uploaded to S3: raw/mobilize-page12.json
📥 Fetching page 13: https://api.mobilize.us/v1/events?cursor=cD04MDQ2NDE%3D&per_page=200&timeslot_start=gte_1753533900
💾 Saved locally: mobilize-page13.json
☁️ Uploaded to S3: raw/mobilize-page13.json
📥 Fetching page 14: https://api.mobilize.us/v1/events?cursor=cD04MDY2NDU%3D&per_page=200&timeslot_start=gte_1753533900
💾 Saved locally: mobilize-page14.json
☁️ Uploaded to S3: raw/mobilize-page14.json
📥 Fetching page 15: https://api.mobilize.us/v1/events?cursor=cD04MDgzNDI%3D&per_page=200&timeslot_start=gte_1753533900
💾 Saved locally: mobilize-page15.json
☁️ Uploaded to S3: raw/mobilize-page15.json
📥 Fetching page 16: https://api.mobilize.us/v1/events?cursor=cD04MDk1NzE%3D&per_page=200&timeslot_start=gte_1753533900
💾 Saved locally: mobilize-page16.json
☁️ Uploaded to S3: raw/mobilize-page16.json
📥 Fetching page 17: https://api.mobilize.us/v1/events?cursor=cD04MTA3MTA%3D&per_page=200&timeslot_start=gte_1753533900
💾 Saved locally: mobilize-page17.json
☁️ Uploaded to S3: raw/mobilize-page17.json
📥 Fetching page 18: https://api.mobilize.us/v1/events?cursor=cD04MTE2ODc%3D&per_page=200&timeslot_start=gte_1753533900
💾 Saved locally: mobilize-page18.json
☁️ Uploaded to S3: raw/mobilize-page18.json
📥 Fetching page 19: https://api.mobilize.us/v1/events?cursor=cD04MTI0MzI%3D&per_page=200&timeslot_start=gte_1753533900
💾 Saved locally: mobilize-page19.json
☁️ Uploaded to S3: raw/mobilize-page19.json
📥 Fetching page 20: https://api.mobilize.us/v1/events?cursor=cD04MTMxNjE%3D&per_page=200&timeslot_start=gte_1753533900
💾 Saved locally: mobilize-page20.json
☁️ Uploaded to S3: raw/mobilize-page20.json
📥 Fetching page 21: https://api.mobilize.us/v1/events?cursor=cD04MTM5NTA%3D&per_page=200&timeslot_start=gte_1753533900
💾 Saved locally: mobilize-page21.json
☁️ Uploaded to S3: raw/mobilize-page21.json
📥 Fetching page 22: https://api.mobilize.us/v1/events?cursor=cD04MTQ4MzA%3D&per_page=200&timeslot_start=gte_1753533900
💾 Saved locally: mobilize-page22.json
☁️ Uploaded to S3: raw/mobilize-page22.json
📥 Fetching page 23: https://api.mobilize.us/v1/events?cursor=cD04MTU0MDc%3D&per_page=200&timeslot_start=gte_1753533900
💾 Saved locally: mobilize-page23.json
☁️ Uploaded to S3: raw/mobilize-page23.json
📥 Fetching page 24: https://api.mobilize.us/v1/events?cursor=cD04MTU4MjQ%3D&per_page=200&timeslot_start=gte_1753533900
💾 Saved locally: mobilize-page24.json
☁️ Uploaded to S3: raw/mobilize-page24.json
📥 Fetching page 25: https://api.mobilize.us/v1/events?cursor=cD04MTYzMjI%3D&per_page=200&timeslot_start=gte_1753533900
💾 Saved locally: mobilize-page25.json
☁️ Uploaded to S3: raw/mobilize-page25.json
📥 Fetching page 26: https://api.mobilize.us/v1/events?cursor=cD04MTY3Nzg%3D&per_page=200&timeslot_start=gte_1753533900
💾 Saved locally: mobilize-page26.json
☁️ Uploaded to S3: raw/mobilize-page26.json
📥 Fetching page 27: https://api.mobilize.us/v1/events?cursor=cD04MTcxNDg%3D&per_page=200&timeslot_start=gte_1753533900
💾 Saved locally: mobilize-page27.json
☁️ Uploaded to S3: raw/mobilize-page27.json
📥 Fetching page 28: https://api.mobilize.us/v1/events?cursor=cD04MTc1MDQ%3D&per_page=200&timeslot_start=gte_1753533900
💾 Saved locally: mobilize-page28.json
☁️ Uploaded to S3: raw/mobilize-page28.json
📥 Fetching page 29: https://api.mobilize.us/v1/events?cursor=cD04MTc4OTY%3D&per_page=200&timeslot_start=gte_1753533900
💾 Saved locally: mobilize-page29.json
☁️ Uploaded to S3: raw/mobilize-page29.json
📥 Fetching page 30: https://api.mobilize.us/v1/events?cursor=cD04MTgyNzQ%3D&per_page=200&timeslot_start=gte_1753533900
💾 Saved locally: mobilize-page30.json
☁️ Uploaded to S3: raw/mobilize-page30.json
📥 Fetching page 31: https://api.mobilize.us/v1/events?cursor=cD04MTg2MTA%3D&per_page=200&timeslot_start=gte_1753533900
💾 Saved locally: mobilize-page31.json
☁️ Uploaded to S3: raw/mobilize-page31.json
📥 Fetching page 32: https://api.mobilize.us/v1/events?cursor=cD04MTg5ODc%3D&per_page=200&timeslot_start=gte_1753533900
💾 Saved locally: mobilize-page32.json
☁️ Uploaded to S3: raw/mobilize-page32.json
📥 Fetching page 33: https://api.mobilize.us/v1/events?cursor=cD04MTkzNTI%3D&per_page=200&timeslot_start=gte_1753533900
💾 Saved locally: mobilize-page33.json
☁️ Uploaded to S3: raw/mobilize-page33.json
✅ Finished fetching 32 pages
🧹 S3 cleanup complete!
🚀 Processing Mobilize events...
(node:1586) NOTE: The AWS SDK for JavaScript (v2) is in maintenance mode.
 SDK releases are limited to address critical bug fixes and security issues only.

Please migrate your code to use AWS SDK for JavaScript (v3).
For more information, check the blog post at https://a.co/cUPnyil
(Use `node --trace-warnings ...` to show where the warning was created)
📂 Reading mobilize-page1.json
📂 Reading mobilize-page10.json
📂 Reading mobilize-page11.json
📂 Reading mobilize-page12.json
📂 Reading mobilize-page13.json
📂 Reading mobilize-page14.json
📂 Reading mobilize-page15.json
📂 Reading mobilize-page16.json
📂 Reading mobilize-page17.json
📂 Reading mobilize-page18.json
📂 Reading mobilize-page19.json
📂 Reading mobilize-page2.json
📂 Reading mobilize-page20.json
📂 Reading mobilize-page21.json
📂 Reading mobilize-page22.json
📂 Reading mobilize-page23.json
📂 Reading mobilize-page24.json
📂 Reading mobilize-page25.json
📂 Reading mobilize-page26.json
📂 Reading mobilize-page27.json
📂 Reading mobilize-page28.json
📂 Reading mobilize-page29.json
📂 Reading mobilize-page3.json
📂 Reading mobilize-page30.json
📂 Reading mobilize-page31.json
📂 Reading mobilize-page32.json
📂 Reading mobilize-page33.json
📂 Reading mobilize-page4.json
📂 Reading mobilize-page5.json
📂 Reading mobilize-page6.json
📂 Reading mobilize-page7.json
📂 Reading mobilize-page8.json
📂 Reading mobilize-page9.json
✅ Saved 1094 processed Mobilize events locally at /Users/admin/Documents/protests/data/processed/mobilize-events.json
✅ Uploaded processed/mobilize-events.json to S3 bucket my-protest-finder-data
🚀 Updating Blop raw data...
🌐 Fetching latest Blop CSV...
🌐 Fetching latest Blop CSV...
(node:1592) NOTE: The AWS SDK for JavaScript (v2) is in maintenance mode.
 SDK releases are limited to address critical bug fixes and security issues only.

Please migrate your code to use AWS SDK for JavaScript (v3).
For more information, check the blog post at https://a.co/cUPnyil
(Use `node --trace-warnings ...` to show where the warning was created)
💾 Saved Blop CSV locally: /Users/admin/Documents/protests/data/raw/blop-latest.csv
✅ Uploaded raw/blop-latest.csv to S3 bucket my-protest-finder-data
🔧 Processing Blop CSV into JSON...
(node:1593) NOTE: The AWS SDK for JavaScript (v2) is in maintenance mode.
 SDK releases are limited to address critical bug fixes and security issues only.

Please migrate your code to use AWS SDK for JavaScript (v3).
For more information, check the blog post at https://a.co/cUPnyil
(Use `node --trace-warnings ...` to show where the warning was created)
✅ Processed BLOP events saved: 35
✅ Uploaded processed/blop-events.json to S3 bucket my-protest-finder-data
✅ All done!
🧭 Generating event-locations.json...
📥 Fetching mobilize events from S3...
(node:1595) NOTE: The AWS SDK for JavaScript (v2) is in maintenance mode.
 SDK releases are limited to address critical bug fixes and security issues only.

Please migrate your code to use AWS SDK for JavaScript (v3).
For more information, check the blog post at https://a.co/cUPnyil
(Use `node --trace-warnings ...` to show where the warning was created)
📥 Fetching blop events from S3...
📥 Fetching manual events from S3...
✅ Wrote 1151 locations to event-locations.json
☁️ Uploaded event-locations.json to S3
✅ All event sources fetched, processed, and uploaded successfully.
=== Finished process-all at 2025-07-26_05-38-50 ===
